# serializer version: 1
# name: test_query_codebase
  dict({
    'results': list([
      dict({
        'blocks': list([
          dict({
            'lines': list([
              dict({
                'line': 1,
                'lineText': '# Markdown file',
                'resultTypes': list([
                  'result',
                ]),
              }),
              dict({
                'line': 2,
                'lineText': 'This is an example Markdown file. Updated.',
                'resultTypes': list([
                  'result',
                ]),
              }),
            ]),
          }),
        ]),
        'fullPath': '/path/to/repo/file1.md',
        'path': 'file1.md',
      }),
    ]),
    'version': '0.0.0-test',
  })
# ---
# name: test_status_endpoint_with_all_files_analyzed
  dict({
    'stats': dict({
      'accuracy': dict({
        'percentage': 100,
      }),
      'chunks': dict({
        'analyzed': 5,
        'unanalyzed': 0,
      }),
      'queue': dict({
        'size': 0,
      }),
    }),
    'version': '0.0.0-test',
  })
# ---
