# serializer version: 1
# name: test_gets_data_using_vector_embeddings
  list([
    dict({
      'blocks': list([
        dict({
          'lineTypeCount': dict({
            'result': 2,
          }),
          'lines': list([
            dict({
              'line': 2,
              'lineText': 'This is an example Markdown file. Updated. ',
              'resultTypes': list([
                'result',
              ]),
              'score': 1.3673,
            }),
            dict({
              'line': 3,
              'lineText': "HTML is for markup, but it's complicated. Markdown is simpler.",
              'resultTypes': list([
                'result',
              ]),
              'score': 1.2,
            }),
          ]),
          'score': 1.2000000000000002,
        }),
      ]),
      'fullPath': '/path/to/repo/file1.md',
      'path': 'file1.md',
      'score': 1.8,
    }),
  ])
# ---
